Godot Engine v4.7.1.stable.official.a13da4feb - https://godotengine.org

[   0% ] [90m[1mfirst_scan_filesystem[22m | Started Project initialization (5 steps)[39m[0m
[   0% ] [90m[1mfirst_scan_filesystem[22m | Scanning file structure...[39m[0m
[  16% ] [90m[1mfirst_scan_filesystem[22m | Loading global class names...[39m[0m
[  33% ] [90m[1mfirst_scan_filesystem[22m | Verifying GDExtensions...[39m[0m
[  50% ] [90m[1mfirst_scan_filesystem[22m | Creating autoload scripts...[39m[0m
[  66% ] [90m[1mfirst_scan_filesystem[22m | Initializing plugins...[39m[0m
[  83% ] [90m[1mfirst_scan_filesystem[22m | Starting file scan...[39m[0m
[92m[ DONE ][39m [1mfirst_scan_filesystem[22m
[0m
[   0% ] [90m[1msavepack[22m | Started Packing (102 steps)[39m[0m
[   1% ] [90m[1msavepack[22m | Storing File: res://.godot/imported/icon.png-487276ed1e3a0c39cad0279d744ee560.ctex[39m[0m
[   1% ] [90m[1msavepack[22m | Storing File: res://icon.png.import[39m[0m
[   1% ] [90m[1msavepack[22m | Storing File: res://.godot/imported/farm-background.png-05fec43591150af464e3399848fa603c.ctex[39m[0m
[   1% ] [90m[1msavepack[22m | Storing File: res://assets/map/farm-background.png.import[39m[0m
[   2% ] [90m[1msavepack[22m | Storing File: res://.godot/imported/chick_1.wav-6a262a00f75ea01c87b602b3f7e5e1e3.sample[39m[0m
[   2% ] [90m[1msavepack[22m | Storing File: res://assets/sfx/chick_1.wav.import[39m[0m
[   3% ] [90m[1msavepack[22m | Storing File: res://.godot/imported/chick_2.wav-d410a6107e2b57823f046f6332d41fb7.sample[39m[0m
[   3% ] [90m[1msavepack[22m | Storing File: res://assets/sfx/chick_2.wav.import[39m[0m
[   3% ] [90m[1msavepack[22m | Storing File: res://.godot/imported/chick_3.wav-9d599db2a0d641c306db961b92ed591f.sample[39m[0m
[   3% ] [90m[1msavepack[22m | Storing File: res://assets/sfx/chick_3.wav.import[39m[0m
[   4% ] [90m[1msavepack[22m | Storing File: res://.godot/imported/hen_1.wav-1d70784fe24272e35638321b3fa0cc38.sample[39m[0m
[   4% ] [90m[1msavepack[22m | Storing File: res://assets/sfx/hen_1.wav.import[39m[0m
[   5% ] [90m[1msavepack[22m | Storing File: res://.godot/imported/hen_2.wav-71351d3a96178f8ef385db94c6884b06.sample[39m[0m
[   5% ] [90m[1msavepack[22m | Storing File: res://assets/sfx/hen_2.wav.import[39m[0m
[   5% ] [90m[1msavepack[22m | Storing File: res://tmp/deploy-audit/baseline-files.json[39m[0m
[   6% ] [90m[1msavepack[22m | Storing File: res://.godot/imported/chick-character.png-c516516e8d7c0515432cf9b2d0fc8bc4.ctex[39m[0m
[   6% ] [90m[1msavepack[22m | Storing File: res://assets/sprites/chick-character.png.import[39m[0m
[   7% ] [90m[1msavepack[22m | Storing File: res://.godot/imported/chick-idle-8.png-2b444f559d88f65065153e205a6fdb36.ctex[39m[0m
[   7% ] [90m[1msavepack[22m | Storing File: res://assets/sprites/chick-idle-8.png.import[39m[0m
[   7% ] [90m[1msavepack[22m | Storing File: res://.godot/imported/chick-walk-8.png-c5b15ec82e002eae1e518ffa6ee4409a.ctex[39m[0m
[   7% ] [90m[1msavepack[22m | Storing File: res://assets/sprites/chick-walk-8.png.import[39m[0m
[   8% ] [90m[1msavepack[22m | Storing File: res://.godot/exported/133200997/export-47389e6286e3d0de046dca789110eb68-mobile.res[39m[0m
[   9% ] [90m[1msavepack[22m | Storing File: res://.godot/exported/133200997/export-54de7821c1bb7ea9ede065eab62106bd-frame_ticker_panel.res[39m[0m
[   9% ] [90m[1msavepack[22m | Storing File: res://.godot/exported/133200997/export-d9c11e48b6f3744e73368f90edbf8742-frame_tall_panel.res[39m[0m
[  10% ] [90m[1msavepack[22m | Storing File: res://.godot/exported/133200997/export-07a8c594f866203b8edffe7e5be7ac6c-TutorialSmokeTest.scn[39m[0m
[  11% ] [90m[1msavepack[22m | Storing File: res://tests/TutorialSmokeRunner.gdc[39m[0m
[  11% ] [90m[1msavepack[22m | Storing File: res://.godot/imported/hatch-8.png-85f2a73ad8d745294ecb27404572b2b5.ctex[39m[0m
[  11% ] [90m[1msavepack[22m | Storing File: res://assets/sprites/hatch-8.png.import[39m[0m
[  12% ] [90m[1msavepack[22m | Storing File: res://.godot/imported/hen-idle-8.png-e2609a8d9461bb5c1b26d00635faac21.ctex[39m[0m
[  12% ] [90m[1msavepack[22m | Storing File: res://assets/sprites/hen-idle-8.png.import[39m[0m
[  13% ] [90m[1msavepack[22m | Storing File: res://.godot/imported/hen-walk-8.png-6efef3441b1d5fa3207712533c7476cd.ctex[39m[0m
[  13% ] [90m[1msavepack[22m | Storing File: res://assets/sprites/hen-walk-8.png.import[39m[0m
[  13% ] [90m[1msavepack[22m | Storing File: res://.godot/imported/hen.png-6052bfdabdc842cc5bb0ad7620e37900.ctex[39m[0m
[  13% ] [90m[1msavepack[22m | Storing File: res://assets/sprites/hen.png.import[39m[0m
[  14% ] [90m[1msavepack[22m | Storing File: res://tests/TrophyTriggerAuditRunner.gdc[39m[0m
[  15% ] [90m[1msavepack[22m | Storing File: res://.godot/imported/wolf-hen-idle-6x1.png-bc9ff89b227b90474028bf041888fcc3.ctex[39m[0m
[  15% ] [90m[1msavepack[22m | Storing File: res://assets/sprites/wolf-hen-idle-6x1.png.import[39m[0m
[  15% ] [90m[1msavepack[22m | Storing File: res://.godot/imported/button-beige.png-309e43770558f7ed28d228df1fbcab95.ctex[39m[0m
[  15% ] [90m[1msavepack[22m | Storing File: res://assets/ui/farm-ui/simple-ui/button-beige.png.import[39m[0m
[  16% ] [90m[1msavepack[22m | Storing File: res://.godot/imported/button-green.png-e3c0ab996bf6ddbbba71067e26e43223.ctex[39m[0m
[  16% ] [90m[1msavepack[22m | Storing File: res://assets/ui/farm-ui/simple-ui/button-green.png.import[39m[0m
[  17% ] [90m[1msavepack[22m | Storing File: res://.godot/imported/button-red.png-380543868f8467c861d7de218e9daafa.ctex[39m[0m
[  17% ] [90m[1msavepack[22m | Storing File: res://assets/ui/farm-ui/simple-ui/button-red.png.import[39m[0m
[  17% ] [90m[1msavepack[22m | Storing File: res://.godot/imported/chip-on.png-9f0312a3a82ff531845a4235147633bc.ctex[39m[0m
[  17% ] [90m[1msavepack[22m | Storing File: res://assets/ui/farm-ui/simple-ui/chip-on.png.import[39m[0m
[  18% ] [90m[1msavepack[22m | Storing File: res://.godot/imported/flourish.png-4635cf28a5daa7b10c9b40fefd9e9709.ctex[39m[0m
[  18% ] [90m[1msavepack[22m | Storing File: res://assets/ui/farm-ui/simple-ui/flourish.png.import[39m[0m
[  19% ] [90m[1msavepack[22m | Storing File: res://.godot/imported/panel.png-db7406927f80cd09d679128bdf18c027.ctex[39m[0m
[  19% ] [90m[1msavepack[22m | Storing File: res://assets/ui/farm-ui/simple-ui/panel.png.import[39m[0m
[  19% ] [90m[1msavepack[22m | Storing File: res://.godot/imported/tag.png-05826404a19047af3d7f9da79af1baf7.ctex[39m[0m
[  19% ] [90m[1msavepack[22m | Storing File: res://assets/ui/farm-ui/simple-ui/tag.png.import[39m[0m
[  20% ] [90m[1msavepack[22m | Storing File: res://.godot/imported/button_empty_beige.png-a5348b8d4f7f1498994c4937cfbcc562.ctex[39m[0m
[  20% ] [90m[1msavepack[22m | Storing File: res://assets/ui/farm-ui/button_empty_beige.png.import[39m[0m
[  21% ] [90m[1msavepack[22m | Storing File: res://tests/LayerSmokeRunner.gdc[39m[0m
[  21% ] [90m[1msavepack[22m | Storing File: res://.godot/exported/133200997/export-0d8a63476126af2737fca91dd538510a-GateRetrySmokeTest.scn[39m[0m
[  22% ] [90m[1msavepack[22m | Storing File: res://.godot/imported/button_green.png-b4f35f0ddf4c61d7a09bcdc84ead715a.ctex[39m[0m
[  22% ] [90m[1msavepack[22m | Storing File: res://assets/ui/farm-ui/button_green.png.import[39m[0m
[  23% ] [90m[1msavepack[22m | Storing File: res://.godot/imported/button_neutral.png-c1a3eaddaba93e979f10143e9e85f893.ctex[39m[0m
[  23% ] [90m[1msavepack[22m | Storing File: res://assets/ui/farm-ui/button_neutral.png.import[39m[0m
[  23% ] [90m[1msavepack[22m | Storing File: res://.godot/imported/button_red.png-c05df8c370f112acb10f2d82e1734b27.ctex[39m[0m
[  23% ] [90m[1msavepack[22m | Storing File: res://assets/ui/farm-ui/button_red.png.import[39m[0m
[  24% ] [90m[1msavepack[22m | Storing File: res://.godot/imported/chip_value.png-44636b71a70c5a8ec422ff7af12eb46d.ctex[39m[0m
[  24% ] [90m[1msavepack[22m | Storing File: res://assets/ui/farm-ui/chip_value.png.import[39m[0m
[  25% ] [90m[1msavepack[22m | Storing File: res://tests/GateRetrySmokeRunner.gdc[39m[0m
[  25% ] [90m[1msavepack[22m | Storing File: res://.godot/exported/133200997/export-99e075e854bf538dc37b16a0af1e8e04-FullPlaythroughTest.scn[39m[0m
[  26% ] [90m[1msavepack[22m | Storing File: res://tests/FullPlaythroughRunner.gdc[39m[0m
[  27% ] [90m[1msavepack[22m | Storing File: res://.godot/imported/frame_tall_9slice.png-bc4ce21cd2524c178f2b48fcf3599c5a.ctex[39m[0m
[  27% ] [90m[1msavepack[22m | Storing File: res://assets/ui/farm-ui/frame_tall_9slice.png.import[39m[0m
[  27% ] [90m[1msavepack[22m | Storing File: res://.godot/imported/hud_bar.png-1d85cc464e362b695820c449f613bcb7.ctex[39m[0m
[  27% ] [90m[1msavepack[22m | Storing File: res://assets/ui/farm-ui/hud_bar.png.import[39m[0m
[  28% ] [90m[1msavepack[22m | Storing File: res://.godot/exported/133200997/export-15eaf788a4ac82796337a980406603e5-EndlessSmokeTest.scn[39m[0m
[  29% ] [90m[1msavepack[22m | Storing File: res://tests/EndlessSmokeRunner.gdc[39m[0m
[  29% ] [90m[1msavepack[22m | Storing File: res://.godot/imported/icon_coin.png-0cb0ac759e8694379dcf5da741e2f611.ctex[39m[0m
[  29% ] [90m[1msavepack[22m | Storing File: res://assets/ui/farm-ui/icon_coin.png.import[39m[0m
[  30% ] [90m[1msavepack[22m | Storing File: res://shaders/sprite_outline.gdshader[39m[0m
[  31% ] [90m[1msavepack[22m | Storing File: res://.godot/imported/settings_gear.png-a751da0e17002ead5288177ad057b779.ctex[39m[0m
[  31% ] [90m[1msavepack[22m | Storing File: res://assets/ui/farm-ui/settings_gear.png.import[39m[0m
[  31% ] [90m[1msavepack[22m | Storing File: res://.godot/imported/speech.png-0edcb75ae84cdf975d01dc7f4935d028.ctex[39m[0m
[  31% ] [90m[1msavepack[22m | Storing File: res://assets/ui/farm-ui/speech.png.import[39m[0m
[  32% ] [90m[1msavepack[22m | Storing File: res://shaders/bird_ghost.gdshader[39m[0m
[  33% ] [90m[1msavepack[22m | Storing File: res://.godot/imported/01-panel-tall-modal.png-66c58776ea2cabfc88ba881dab7de638.ctex[39m[0m
[  33% ] [90m[1msavepack[22m | Storing File: res://assets/ui/settlement/kit/01-panel-tall-modal.png.import[39m[0m
[  33% ] [90m[1msavepack[22m | Storing File: res://.godot/imported/04-chip-value-slot.png-ccfdacf6ca8f099857300c1751655852.ctex[39m[0m
[  33% ] [90m[1msavepack[22m | Storing File: res://assets/ui/settlement/kit/04-chip-value-slot.png.import[39m[0m
[  33% ] [90m[1msavepack[22m | Storing File: res://.godot/imported/05-panel-stats-card.png-7b85733af1ef2723aea4306c8fb016ce.ctex[39m[0m
[  33% ] [90m[1msavepack[22m | Storing File: res://assets/ui/settlement/kit/05-panel-stats-card.png.import[39m[0m
[  34% ] [90m[1msavepack[22m | Storing File: res://.godot/imported/06-hairline-separator.png-2b6f0d712d746171ab574ecc83be7974.ctex[39m[0m
[  34% ] [90m[1msavepack[22m | Storing File: res://assets/ui/settlement/kit/06-hairline-separator.png.import[39m[0m
[  34% ] [90m[1msavepack[22m | Storing File: res://.godot/imported/07-deco-flourish.png-1e39b12c0c216ceb927ddddaf8764971.ctex[39m[0m
[  34% ] [90m[1msavepack[22m | Storing File: res://assets/ui/settlement/kit/07-deco-flourish.png.import[39m[0m
[  35% ] [90m[1msavepack[22m | Storing File: res://.godot/imported/09-btn-green-wide.png-7aaa0b57bd378d5625780eaf137b747b.ctex[39m[0m
[  35% ] [90m[1msavepack[22m | Storing File: res://assets/ui/settlement/kit/09-btn-green-wide.png.import[39m[0m
[  36% ] [90m[1msavepack[22m | Storing File: res://.godot/imported/10-btn-beige-wide.png-3229b7b27d29c6838c6bd7dd03aa970c.ctex[39m[0m
[  36% ] [90m[1msavepack[22m | Storing File: res://assets/ui/settlement/kit/10-btn-beige-wide.png.import[39m[0m
[  36% ] [90m[1msavepack[22m | Storing File: res://.godot/imported/11-btn-red-wide.png-aea8770a2d7f086a297bba34c4ea7f21.ctex[39m[0m
[  36% ] [90m[1msavepack[22m | Storing File: res://assets/ui/settlement/kit/11-btn-red-wide.png.import[39m[0m
[  37% ] [90m[1msavepack[22m | Storing File: res://.godot/imported/21-pip-filled-gold.png-158a6f9f5cb1b8d728312a8d5a5b3886.ctex[39m[0m
[  37% ] [90m[1msavepack[22m | Storing File: res://assets/ui/settlement/kit/21-pip-filled-gold.png.import[39m[0m
[  38% ] [90m[1msavepack[22m | Storing File: res://.godot/imported/22-pip-empty.png-4518adb28da03f92e47a58673c675b60.ctex[39m[0m
[  38% ] [90m[1msavepack[22m | Storing File: res://assets/ui/settlement/kit/22-pip-empty.png.import[39m[0m
[  38% ] [90m[1msavepack[22m | Storing File: res://.godot/imported/23-icon-coin-chick.png-ecdcc7fac92568a6fe2125720192bf2f.ctex[39m[0m
[  38% ] [90m[1msavepack[22m | Storing File: res://assets/ui/settlement/kit/23-icon-coin-chick.png.import[39m[0m
[  39% ] [90m[1msavepack[22m | Storing File: res://.godot/imported/24-icon-arrow-up.png-154a1e1bb09a53e9214460f65118bcdb.ctex[39m[0m
[  39% ] [90m[1msavepack[22m | Storing File: res://assets/ui/settlement/kit/24-icon-arrow-up.png.import[39m[0m
[  40% ] [90m[1msavepack[22m | Storing File: res://.godot/imported/30-icon-hen.png-222837593384388d28fbffe8a12a79c2.ctex[39m[0m
[  40% ] [90m[1msavepack[22m | Storing File: res://assets/ui/settlement/kit/30-icon-hen.png.import[39m[0m
[  40% ] [90m[1msavepack[22m | Storing File: res://.godot/imported/33-icon-egg-cracked.png-a0112f2dc3f3c2cb64498e28001312f9.ctex[39m[0m
[  40% ] [90m[1msavepack[22m | Storing File: res://assets/ui/settlement/kit/33-icon-egg-cracked.png.import[39m[0m
[  41% ] [90m[1msavepack[22m | Storing File: res://.godot/imported/00-moon.png-5fa32dbd71031dd975a836ca5a58754a.ctex[39m[0m
[  41% ] [90m[1msavepack[22m | Storing File: res://assets/ui/settlement/layers/00-moon.png.import[39m[0m
[  42% ] [90m[1msavepack[22m | Storing File: res://.godot/imported/01-paper-stack.png-3c908a561030ee520e25e0a64e1483ce.ctex[39m[0m
[  42% ] [90m[1msavepack[22m | Storing File: res://assets/ui/settlement/layers/01-paper-stack.png.import[39m[0m
[  42% ] [90m[1msavepack[22m | Storing File: res://scripts/YardBird.gdc[39m[0m
[  43% ] [90m[1msavepack[22m | Storing File: res://.godot/imported/03-hang-tag.png-0ab32830307a0080c564b7a6f832b303.ctex[39m[0m
[  43% ] [90m[1msavepack[22m | Storing File: res://assets/ui/settlement/layers/03-hang-tag.png.import[39m[0m
[  44% ] [90m[1msavepack[22m | Storing File: res://scripts/UiStyle.gdc[39m[0m
[  44% ] [90m[1msavepack[22m | Storing File: res://scripts/UiLayout.gdc[39m[0m
[  45% ] [90m[1msavepack[22m | Storing File: res://scripts/SurveyCard.gdc[39m[0m
[  46% ] [90m[1msavepack[22m | Storing File: res://scripts/StockGraph.gdc[39m[0m
[  46% ] [90m[1msavepack[22m | Storing File: res://.godot/imported/20-score-cell.png-f9ad6653f229be0d8de6194fb7c97032.ctex[39m[0m
[  46% ] [90m[1msavepack[22m | Storing File: res://assets/ui/settlement/layers/20-score-cell.png.import[39m[0m
[  47% ] [90m[1msavepack[22m | Storing File: res://.godot/imported/21-chart-well.png-f5090f015060edf217c421407baf080e.ctex[39m[0m
[  47% ] [90m[1msavepack[22m | Storing File: res://assets/ui/settlement/layers/21-chart-well.png.import[39m[0m
[  48% ] [90m[1msavepack[22m | Storing File: res://.godot/imported/22-quest-stamp.png-6838e76c776a99c932c8fa47701bf6ef.ctex[39m[0m
[  48% ] [90m[1msavepack[22m | Storing File: res://assets/ui/settlement/layers/22-quest-stamp.png.import[39m[0m
[  48% ] [90m[1msavepack[22m | Storing File: res://scripts/SheetSprite.gdc[39m[0m
[  49% ] [90m[1msavepack[22m | Storing File: res://scripts/Sfx.gdc[39m[0m
[  50% ] [90m[1msavepack[22m | Storing File: res://scripts/DayClock.gdc[39m[0m
[  51% ] [90m[1msavepack[22m | Storing File: res://.godot/imported/clock-face.png-cd6be818db18baad46f2be6ce74553e4.ctex[39m[0m
[  51% ] [90m[1msavepack[22m | Storing File: res://assets/ui/clock-face.png.import[39m[0m
[  51% ] [90m[1msavepack[22m | Storing File: res://.godot/imported/clock-hour-hand.png-46e321100f175aac5aebc63c9ed01b33.ctex[39m[0m
[  51% ] [90m[1msavepack[22m | Storing File: res://assets/ui/clock-hour-hand.png.import[39m[0m
[  52% ] [90m[1msavepack[22m | Storing File: res://.godot/imported/clock.png-c96fd86cfd00f296da2f0b8771d30337.ctex[39m[0m
[  52% ] [90m[1msavepack[22m | Storing File: res://assets/ui/clock.png.import[39m[0m
[  53% ] [90m[1msavepack[22m | Storing File: res://.godot/imported/close.png-76ad351b77a5cd8dfb1d712106bc5926.ctex[39m[0m
[  53% ] [90m[1msavepack[22m | Storing File: res://assets/ui/close.png.import[39m[0m
[  53% ] [90m[1msavepack[22m | Storing File: res://.godot/imported/egg-basket.png-9b273f83be96649f9dd67ec9d773fa93.ctex[39m[0m
[  53% ] [90m[1msavepack[22m | Storing File: res://assets/ui/egg-basket.png.import[39m[0m
[  54% ] [90m[1msavepack[22m | Storing File: res://.godot/exported/133200997/export-eb0e2a987881d788d617cbd86609a45e-TrophyTriggerAudit.scn[39m[0m
[  55% ] [90m[1msavepack[22m | Storing File: res://.godot/exported/133200997/export-2c127c9b1ead80b29657aa810a21f920-TrophySmokeTest.scn[39m[0m
[  55% ] [90m[1msavepack[22m | Storing File: res://tests/TrophySmokeRunner.gdc[39m[0m
[  56% ] [90m[1msavepack[22m | Storing File: res://.godot/imported/guide-board-cut.png-e9f985a61cc9c013096ba6cde0a324ff.ctex[39m[0m
[  56% ] [90m[1msavepack[22m | Storing File: res://assets/ui/guide-board-cut.png.import[39m[0m
[  57% ] [90m[1msavepack[22m | Storing File: res://.godot/imported/guide-chick.png-c3ccdca6b09cba5effbf02b7d2e76e75.ctex[39m[0m
[  57% ] [90m[1msavepack[22m | Storing File: res://assets/ui/guide-chick.png.import[39m[0m
[  57% ] [90m[1msavepack[22m | Storing File: res://.godot/imported/guide-stock.png-92ac7ddfa4f16c4f35e4ce4dbfe26c14.ctex[39m[0m
[  57% ] [90m[1msavepack[22m | Storing File: res://assets/ui/guide-stock.png.import[39m[0m
[  58% ] [90m[1msavepack[22m | Storing File: res://.godot/imported/hud-bar.png-3aea17157b7e1dc8b08301715e407a6a.ctex[39m[0m
[  58% ] [90m[1msavepack[22m | Storing File: res://assets/ui/hud-bar.png.import[39m[0m
[  59% ] [90m[1msavepack[22m | Storing File: res://.godot/exported/133200997/export-7c2694917fcf008a7bc1788c8fd7a49f-SurveySmokeTest.scn[39m[0m
[  59% ] [90m[1msavepack[22m | Storing File: res://.godot/imported/logo_icon.png-bab15195ea5facd8843d71d00f79953c.ctex[39m[0m
[  59% ] [90m[1msavepack[22m | Storing File: res://assets/ui/logo_icon.png.import[39m[0m
[  60% ] [90m[1msavepack[22m | Storing File: res://.godot/imported/logo_wordmark.png-54065cd6f95b0a388a20592d14694b9d.ctex[39m[0m
[  60% ] [90m[1msavepack[22m | Storing File: res://assets/ui/logo_wordmark.png.import[39m[0m
[  61% ] [90m[1msavepack[22m | Storing File: res://.godot/imported/logo_wordmark_en.png-34af72fbfccd779b5673bae60db1998e.ctex[39m[0m
[  61% ] [90m[1msavepack[22m | Storing File: res://assets/ui/logo_wordmark_en.png.import[39m[0m
[  61% ] [90m[1msavepack[22m | Storing File: res://.godot/imported/mail.png-4adff5df9948be1e56c324a0b2300f7b.ctex[39m[0m
[  61% ] [90m[1msavepack[22m | Storing File: res://assets/ui/mail.png.import[39m[0m
[  62% ] [90m[1msavepack[22m | Storing File: res://.godot/imported/menu-background.png-807b15d48e34105de09d5aebf9e4c115.ctex[39m[0m
[  62% ] [90m[1msavepack[22m | Storing File: res://assets/ui/menu-background.png.import[39m[0m
[  63% ] [90m[1msavepack[22m | Storing File: res://.godot/imported/settings.png-435f898c4db449a7f67af74c7b04347e.ctex[39m[0m
[  63% ] [90m[1msavepack[22m | Storing File: res://assets/ui/settings.png.import[39m[0m
[  63% ] [90m[1msavepack[22m | Storing File: res://tests/SurveySmokeRunner.gdc[39m[0m
[  64% ] [90m[1msavepack[22m | Storing File: res://.godot/imported/speech.png-d042d7a34ed28c3aed52907ce7f8ae4f.ctex[39m[0m
[  64% ] [90m[1msavepack[22m | Storing File: res://assets/ui/speech.png.import[39m[0m
[  65% ] [90m[1msavepack[22m | Storing File: res://.godot/imported/splash.png-a944da15111e165b7d150f9bebb5d567.ctex[39m[0m
[  65% ] [90m[1msavepack[22m | Storing File: res://assets/ui/splash.png.import[39m[0m
[  65% ] [90m[1msavepack[22m | Storing File: res://.godot/exported/133200997/export-00da51b1c0bec896a34c655d785980d6-LayerSmokeTest.scn[39m[0m
[  66% ] [90m[1msavepack[22m | Storing File: res://.godot/imported/weather-cloud.png-a046eaff82a159e217d5dcd22bd4b92f.ctex[39m[0m
[  66% ] [90m[1msavepack[22m | Storing File: res://assets/ui/weather-cloud.png.import[39m[0m
[  66% ] [90m[1msavepack[22m | Storing File: res://.godot/imported/weather-moon.png-070461a41e917ddeebf5890db922dc37.ctex[39m[0m
[  66% ] [90m[1msavepack[22m | Storing File: res://assets/ui/weather-moon.png.import[39m[0m
[  66% ] [90m[1msavepack[22m | Storing File: res://.godot/imported/weather-partly.png-b1c400b445890d5e5782332ec91bb648.ctex[39m[0m
[  66% ] [90m[1msavepack[22m | Storing File: res://assets/ui/weather-partly.png.import[39m[0m
[  67% ] [90m[1msavepack[22m | Storing File: res://.godot/imported/weather-rain.png-923921dc751472634d47ec73d39b33bf.ctex[39m[0m
[  67% ] [90m[1msavepack[22m | Storing File: res://assets/ui/weather-rain.png.import[39m[0m
[  68% ] [90m[1msavepack[22m | Storing File: res://.godot/imported/weather-sun.png-143432a096c27cb64b5da6cff6563c01.ctex[39m[0m
[  68% ] [90m[1msavepack[22m | Storing File: res://assets/ui/weather-sun.png.import[39m[0m
[  68% ] [90m[1msavepack[22m | Storing File: res://scripts/SettlementCard.gdc[39m[0m
[  69% ] [90m[1msavepack[22m | Storing File: res://.godot/imported/game_zh_full.otf-4427138bde0b665c0f7fedbdbeceec80.fontdata[39m[0m
[  69% ] [90m[1msavepack[22m | Storing File: res://fonts/game_zh_full.otf.import[39m[0m
[  70% ] [90m[1msavepack[22m | Storing File: res://.godot/imported/alert.png-1c81aa4b359561ce801b8e9cd32221ca.ctex[39m[0m
[  70% ] [90m[1msavepack[22m | Storing File: res://icons/alert.png.import[39m[0m
[  70% ] [90m[1msavepack[22m | Storing File: res://scripts/MobileScroll.gdc[39m[0m
[  71% ] [90m[1msavepack[22m | Storing File: res://.godot/imported/breeze.png-a4603bd4aa784728c6eb641458adae11.ctex[39m[0m
[  71% ] [90m[1msavepack[22m | Storing File: res://icons/breeze.png.import[39m[0m
[  72% ] [90m[1msavepack[22m | Storing File: res://.godot/imported/buy_chick.png-5647cd3e8e10393f6a00fbe9d38720bb.ctex[39m[0m
[  72% ] [90m[1msavepack[22m | Storing File: res://icons/buy_chick.png.import[39m[0m
[  72% ] [90m[1msavepack[22m | Storing File: res://.godot/imported/cake.png-34dc40ce3ff86c27158925bd645ed2f3.ctex[39m[0m
[  72% ] [90m[1msavepack[22m | Storing File: res://icons/cake.png.import[39m[0m
[  73% ] [90m[1msavepack[22m | Storing File: res://.godot/imported/check.png-71c336ac5204aa697466cc7434bfb184.ctex[39m[0m
[  73% ] [90m[1msavepack[22m | Storing File: res://icons/check.png.import[39m[0m
[  74% ] [90m[1msavepack[22m | Storing File: res://.godot/imported/chick.png-546cf0ce67d3cc9366703c69bf05d195.ctex[39m[0m
[  74% ] [90m[1msavepack[22m | Storing File: res://icons/chick.png.import[39m[0m
[  74% ] [90m[1msavepack[22m | Storing File: res://.godot/imported/clock.png-c1123e68affc5f51aef8c22e5fab8c10.ctex[39m[0m
[  74% ] [90m[1msavepack[22m | Storing File: res://icons/clock.png.import[39m[0m
[  75% ] [90m[1msavepack[22m | Storing File: res://.godot/imported/cloud.png-ac6832e6b58fe47d6b9d42706b819110.ctex[39m[0m
[  75% ] [90m[1msavepack[22m | Storing File: res://icons/cloud.png.import[39m[0m
[  76% ] [90m[1msavepack[22m | Storing File: res://.godot/imported/coin.png-d4aeb1ac998fa8474b5579d8e2764e8e.ctex[39m[0m
[  76% ] [90m[1msavepack[22m | Storing File: res://icons/coin.png.import[39m[0m
[  76% ] [90m[1msavepack[22m | Storing File: res://.godot/imported/coins.png-7c138849c9a3803f690d3a2c9294a2e8.ctex[39m[0m
[  76% ] [90m[1msavepack[22m | Storing File: res://icons/coins.png.import[39m[0m
[  77% ] [90m[1msavepack[22m | Storing File: res://.godot/imported/crown.png-2b807acd2e975b2bf8437e12f366887f.ctex[39m[0m
[  77% ] [90m[1msavepack[22m | Storing File: res://icons/crown.png.import[39m[0m
[  78% ] [90m[1msavepack[22m | Storing File: res://.godot/imported/egg.png-811a972692877460e7662ef4ddf07793.ctex[39m[0m
[  78% ] [90m[1msavepack[22m | Storing File: res://icons/egg.png.import[39m[0m
[  78% ] [90m[1msavepack[22m | Storing File: res://.godot/imported/egg_basket.png-128b80718c3b78a897adce49b5c4335f.ctex[39m[0m
[  78% ] [90m[1msavepack[22m | Storing File: res://icons/egg_basket.png.import[39m[0m
[  79% ] [90m[1msavepack[22m | Storing File: res://.godot/imported/flock.png-292fdcaf35c16b95ef7029fe6fa83d97.ctex[39m[0m
[  79% ] [90m[1msavepack[22m | Storing File: res://icons/flock.png.import[39m[0m
[  80% ] [90m[1msavepack[22m | Storing File: res://.godot/imported/gem.png-1dfac21c4734bfc03c53bb6990e3c704.ctex[39m[0m
[  80% ] [90m[1msavepack[22m | Storing File: res://icons/gem.png.import[39m[0m
[  80% ] [90m[1msavepack[22m | Storing File: res://.godot/imported/hatch.png-26b54c6e54e9e5550711d47fd5baed5c.ctex[39m[0m
[  80% ] [90m[1msavepack[22m | Storing File: res://icons/hatch.png.import[39m[0m
[  81% ] [90m[1msavepack[22m | Storing File: res://.godot/imported/heart.png-a9d4809627f7a18a695370d51bcf518b.ctex[39m[0m
[  81% ] [90m[1msavepack[22m | Storing File: res://icons/heart.png.import[39m[0m
[  82% ] [90m[1msavepack[22m | Storing File: res://.godot/imported/hen.png-6b9d08b5abae975f393b065a980a906c.ctex[39m[0m
[  82% ] [90m[1msavepack[22m | Storing File: res://icons/hen.png.import[39m[0m
[  82% ] [90m[1msavepack[22m | Storing File: res://.godot/imported/moon.png-d562c282745aa590234b76b415ce37a9.ctex[39m[0m
[  82% ] [90m[1msavepack[22m | Storing File: res://icons/moon.png.import[39m[0m
[  83% ] [90m[1msavepack[22m | Storing File: res://.godot/imported/price_down.png-41e7583c5d682a6df301f6186f8628ad.ctex[39m[0m
[  83% ] [90m[1msavepack[22m | Storing File: res://icons/price_down.png.import[39m[0m
[  84% ] [90m[1msavepack[22m | Storing File: res://.godot/imported/price_up.png-48db0a8b129724a956f60d73097ff5c6.ctex[39m[0m
[  84% ] [90m[1msavepack[22m | Storing File: res://icons/price_up.png.import[39m[0m
[  84% ] [90m[1msavepack[22m | Storing File: res://.godot/imported/rain.png-fb69f2cffd71f86d32bd2bfd5c32342e.ctex[39m[0m
[  84% ] [90m[1msavepack[22m | Storing File: res://icons/rain.png.import[39m[0m
[  85% ] [90m[1msavepack[22m | Storing File: res://.godot/imported/ribbon.png-c2d85bc606253d1447029e69fbc19515.ctex[39m[0m
[  85% ] [90m[1msavepack[22m | Storing File: res://icons/ribbon.png.import[39m[0m
[  86% ] [90m[1msavepack[22m | Storing File: res://.godot/imported/rotten_egg.png-5f8c4042c93b05793b20e2bb55b3b8ee.ctex[39m[0m
[  86% ] [90m[1msavepack[22m | Storing File: res://icons/rotten_egg.png.import[39m[0m
[  86% ] [90m[1msavepack[22m | Storing File: res://.godot/imported/sell_hen.png-05aee7d1f91a76e086b7159e4cf77626.ctex[39m[0m
[  86% ] [90m[1msavepack[22m | Storing File: res://icons/sell_hen.png.import[39m[0m
[  87% ] [90m[1msavepack[22m | Storing File: res://.godot/imported/settings.png-6e1de312afa98b670411342c3cec5936.ctex[39m[0m
[  87% ] [90m[1msavepack[22m | Storing File: res://icons/settings.png.import[39m[0m
[  88% ] [90m[1msavepack[22m | Storing File: res://.godot/imported/sfx.png-f577e30e38e579b701ec5d91da894092.ctex[39m[0m
[  88% ] [90m[1msavepack[22m | Storing File: res://icons/sfx.png.import[39m[0m
[  88% ] [90m[1msavepack[22m | Storing File: res://.godot/imported/share.png-9f009ee32b0d676270904fb403c63ca5.ctex[39m[0m
[  88% ] [90m[1msavepack[22m | Storing File: res://icons/share.png.import[39m[0m
[  89% ] [90m[1msavepack[22m | Storing File: res://.godot/imported/stock.png-6cb89109dea2a10c75c0d81bba097ded.ctex[39m[0m
[  89% ] [90m[1msavepack[22m | Storing File: res://icons/stock.png.import[39m[0m
[  90% ] [90m[1msavepack[22m | Storing File: res://.godot/imported/sun.png-48ddfc8f258295015b2610bca02bc094.ctex[39m[0m
[  90% ] [90m[1msavepack[22m | Storing File: res://icons/sun.png.import[39m[0m
[  90% ] [90m[1msavepack[22m | Storing File: res://.godot/imported/trophy.png-ec61b646a3d151497b3ab5c61a5d6855.ctex[39m[0m
[  90% ] [90m[1msavepack[22m | Storing File: res://icons/trophy.png.import[39m[0m
[  91% ] [90m[1msavepack[22m | Storing File: res://.godot/imported/wolf.png-0f99f7dd55bcff3d7f79e08cb751ee07.ctex[39m[0m
[  91% ] [90m[1msavepack[22m | Storing File: res://icons/wolf.png.import[39m[0m
[  92% ] [90m[1msavepack[22m | Storing File: res://.godot/exported/133200997/export-f66de275c692156d0a69036b5e8dd2bc-bird_ghost.res[39m[0m
[  92% ] [90m[1msavepack[22m | Storing File: res://.godot/exported/133200997/export-e3bf0371762d7ebc9b4ee2d1fa7b9d8a-bird_outline.res[39m[0m
[  93% ] [90m[1msavepack[22m | Storing File: res://scripts/Loc.gdc[39m[0m
[  94% ] [90m[1msavepack[22m | Storing File: res://scripts/Juice.gdc[39m[0m
[  94% ] [90m[1msavepack[22m | Storing File: res://.godot/exported/133200997/export-ff8ceb9b2bd5b48777d3d52e811276ab-Game.scn[39m[0m
[  95% ] [90m[1msavepack[22m | Storing File: res://.godot/exported/133200997/export-4fb93b879a49e8b365424307623318ef-SettlementCard.scn[39m[0m
[  96% ] [90m[1msavepack[22m | Storing File: res://scripts/Game.gdc[39m[0m
[  96% ] [90m[1msavepack[22m | Storing File: res://.godot/exported/133200997/export-609279b993cd899be517fb84fc174ad8-SheetSprite.scn[39m[0m
[  97% ] [90m[1msavepack[22m | Storing File: res://scripts/Analytics.gdc[39m[0m
[  98% ] [90m[1msavepack[22m | Storing File: res://scripts/EditorAssetPlacement.gdc[39m[0m
[  98% ] [90m[1msavepack[22m | Storing File: res://themes/mobile.tres.remap[39m[0m
[  98% ] [90m[1msavepack[22m | Storing File: res://themes/frame_ticker_panel.tres.remap[39m[0m
[  98% ] [90m[1msavepack[22m | Storing File: res://themes/frame_tall_panel.tres.remap[39m[0m
[  98% ] [90m[1msavepack[22m | Storing File: res://tests/TutorialSmokeTest.tscn.remap[39m[0m
[  98% ] [90m[1msavepack[22m | Storing File: res://tests/TutorialSmokeRunner.gd.remap[39m[0m
[  98% ] [90m[1msavepack[22m | Storing File: res://tests/TrophyTriggerAuditRunner.gd.remap[39m[0m
[  98% ] [90m[1msavepack[22m | Storing File: res://tests/LayerSmokeRunner.gd.remap[39m[0m
[  98% ] [90m[1msavepack[22m | Storing File: res://tests/GateRetrySmokeTest.tscn.remap[39m[0m
[  98% ] [90m[1msavepack[22m | Storing File: res://tests/GateRetrySmokeRunner.gd.remap[39m[0m
[  98% ] [90m[1msavepack[22m | Storing File: res://tests/FullPlaythroughTest.tscn.remap[39m[0m
[  98% ] [90m[1msavepack[22m | Storing File: res://tests/FullPlaythroughRunner.gd.remap[39m[0m
[  98% ] [90m[1msavepack[22m | Storing File: res://tests/EndlessSmokeTest.tscn.remap[39m[0m
[  98% ] [90m[1msavepack[22m | Storing File: res://tests/EndlessSmokeRunner.gd.remap[39m[0m
[  98% ] [90m[1msavepack[22m | Storing File: res://scripts/YardBird.gd.remap[39m[0m
[  98% ] [90m[1msavepack[22m | Storing File: res://scripts/UiStyle.gd.remap[39m[0m
[  98% ] [90m[1msavepack[22m | Storing File: res://scripts/UiLayout.gd.remap[39m[0m
[  98% ] [90m[1msavepack[22m | Storing File: res://scripts/SurveyCard.gd.remap[39m[0m
[  98% ] [90m[1msavepack[22m | Storing File: res://scripts/StockGraph.gd.remap[39m[0m
[  98% ] [90m[1msavepack[22m | Storing File: res://scripts/SheetSprite.gd.remap[39m[0m
[  98% ] [90m[1msavepack[22m | Storing File: res://scripts/Sfx.gd.remap[39m[0m
[  98% ] [90m[1msavepack[22m | Storing File: res://scripts/DayClock.gd.remap[39m[0m
[  98% ] [90m[1msavepack[22m | Storing File: res://tests/TrophyTriggerAudit.tscn.remap[39m[0m
[  98% ] [90m[1msavepack[22m | Storing File: res://tests/TrophySmokeTest.tscn.remap[39m[0m
[  98% ] [90m[1msavepack[22m | Storing File: res://tests/TrophySmokeRunner.gd.remap[39m[0m
[  98% ] [90m[1msavepack[22m | Storing File: res://tests/SurveySmokeTest.tscn.remap[39m[0m
[  98% ] [90m[1msavepack[22m | Storing File: res://tests/SurveySmokeRunner.gd.remap[39m[0m
[  98% ] [90m[1msavepack[22m | Storing File: res://tests/LayerSmokeTest.tscn.remap[39m[0m
[  98% ] [90m[1msavepack[22m | Storing File: res://scripts/SettlementCard.gd.remap[39m[0m
[  98% ] [90m[1msavepack[22m | Storing File: res://scripts/MobileScroll.gd.remap[39m[0m
[  98% ] [90m[1msavepack[22m | Storing File: res://materials/bird_ghost.tres.remap[39m[0m
[  98% ] [90m[1msavepack[22m | Storing File: res://materials/bird_outline.tres.remap[39m[0m
[  98% ] [90m[1msavepack[22m | Storing File: res://scripts/Loc.gd.remap[39m[0m
[  98% ] [90m[1msavepack[22m | Storing File: res://scripts/Juice.gd.remap[39m[0m
[  98% ] [90m[1msavepack[22m | Storing File: res://scenes/Game.tscn.remap[39m[0m
[  98% ] [90m[1msavepack[22m | Storing File: res://scenes/SettlementCard.tscn.remap[39m[0m
[  98% ] [90m[1msavepack[22m | Storing File: res://scripts/Game.gd.remap[39m[0m
[  98% ] [90m[1msavepack[22m | Storing File: res://scenes/SheetSprite.tscn.remap[39m[0m
[  98% ] [90m[1msavepack[22m | Storing File: res://scripts/Analytics.gd.remap[39m[0m
[  98% ] [90m[1msavepack[22m | Storing File: res://scripts/EditorAssetPlacement.gd.remap[39m[0m
[  98% ] [90m[1msavepack[22m | Storing File: res://.godot/global_script_class_cache.cfg[39m[0m
[  98% ] [90m[1msavepack[22m | Storing File: res://icon.png[39m[0m
[  98% ] [90m[1msavepack[22m | Storing File: res://assets/ui/splash.png[39m[0m
[  98% ] [90m[1msavepack[22m | Storing File: res://.godot/uid_cache.bin[39m[0m
[  98% ] [90m[1msavepack[22m | Storing File: res://project.binary[39m[0m
[92m[ DONE ][39m [1msavepack[22m
[0m
